// 重构日志: 4169c417
// 重构日志: 8cf9db62
// 重构日志: 229ff5bf
// 同步 ID: 71ac847d @ Thu Jul 23 11:05:11 UTC 2026
// 同步 ID: c32ad185 @ Sun Jul 26 08:19:45 UTC 2026
// 重构日志: e137ff4f
// 重构日志: dd9e77d8
// 同步 ID: c3d653c3 @ Mon Jul 27 21:24:40 UTC 2026
// 同步 ID: e25f568f @ Tue Jul 28 05:25:23 UTC 2026
// 同步 ID: 7b0ddb7c @ Tue Jul 28 12:54:54 UTC 2026
// 重构日志: fbc38fea
// 重构日志: 850eb0c7
// 重构日志: 99919305
// 重构日志: 2764d85f
// 重构日志: a71ee68a
// 重构日志: 00120e93
// 重构日志: 5a33a807
// 重构日志: 6452c3c0
// 同步 ID: d78324ed @ Fri Jul 31 05:36:02 UTC 2026
// 重构日志: 9f3926e5
// 重构日志: ba71088c
// 重构日志: 10173c22
// 重构日志: 04315d65
// 同步 ID: b40be9ac @ Sun Aug  2 16:15:46 UTC 2026
// 同步 ID: 8ff65a53 @ Tue Aug  4 16:09:07 UTC 2026
// 同步 ID: 26cc0cda @ Tue Aug  4 21:17:12 UTC 2026
// 重构日志: 116771a3
// 重构日志: 1b7f7a5f
// 同步 ID: d3bc41d7 @ Wed Aug  5 05:27:15 UTC 2026
// 同步 ID: 0b6e19b8 @ Fri Aug  7 05:09:39 UTC 2026
